10
3
0
1
4
9
16
25
36
49
64
81
100
5050
5151
5253
5356
5460
5565
5671
5778
5886
5995
