3.000000
3
3.000000
3.500000
2.500000
1.500000
-0.500000
5.000000
3.000000
1.750000
1.333333
2
2.000000
3.000000
4.000000