Hello there1
2
4
8
0
0
1
2
3
4
5
6
7
8
9
1
0
1
2
3
4
5
6
7
8
9
2
0
1
2
3
4
5
6
7
8
9
3
0
1
2
3
4
5
6
7
8
9
4
0
1
2
3
4
5
6
7
8
9
5
0
1
2
3
4
5
6
7
8
9
6
0
1
2
3
4
5
6
7
8
9
7
0
1
2
3
4
5
6
7
8
9
8
0
1
2
3
4
5
6
7
8
9
9
0
1
2
3
4
5
6
7
8
9
0.000000
0.500000
1.000000
1.500000
2.000000
2.500000
3.000000
3.500000
4.000000
4.500000
5.000000
5.500000
6.000000
6.500000
7.000000
7.500000
8.000000
8.500000
9.000000
9.500000
10.000000
3
