1
0
1
1
0
0
Red
Green
Blue
Cyan
Yellow
Magenta
Black
