2.000000000021489
2.236067977500805
5.916079783099616
373.60548662222055
