1.0
1.0
1.414213562373095
1.0
2.0
3.0
3.7416573867739413
Hello
Goodbye
7
8
false
true
1.141
3.1415
