Expected type `Int` but got `String`:
0: i: Int = "Hello"
1: i = true

Expected type `Int` but got `Bool`:
0: i: Int = "Hello"
1: i = true
2:

Expected type `Real` but got `String`:
2:
3: r: Real = "Hello"
4: r = true

Expected type `Real` but got `Bool`:
3: r: Real = "Hello"
4: r = true
5:

Expected type `Int` but got `Bool`:
6: fn int(): Int {
7:     return true
8: }

Expected type `String` but got `Int`:
9:
10: s: String = int()